// Jest Snapshot v1, https://goo.gl/fbAQLP

exports[`should match snapshot 1`] = `
<DocumentFragment>
  <div
    class="Card"
  >
    <h4
      class="Card-title"
    >
      This is a dog
    </h4>
    <img
      alt="This is a dog"
      class="Card-image"
      src="https://thumbor.forbes.com/thumbor/fit-in/900x510/https://www.forbes.com/advisor/wp-content/uploads/2023/07/top-20-small-dog-breeds.jpeg.jpg"
    />
    <small
      class="Card-small"
    >
      Image 4 of 4.
    </small>
  </div>
</DocumentFragment>
`;
